/*
Copyright Â© 2022 NAME HERE <EMAIL ADDRESS>

Licensed under the Apache License, Version 2.0 (the "License");
you may not use this file except in compliance with the License.
You may obtain a copy of the License at

    http://www.apache.org/licenses/LICENSE-2.0

Unless required by applicable law or agreed to in writing, software
distributed under the License is distributed on an "AS IS" BASIS,
WITHOUT WARRANTIES OR CONDITIONS OF ANY KIND, either express or implied.
See the License for the specific language governing permissions and
limitations under the License.
*/
package cmd

import (
	"fmt"

	"github.com/spf13/cobra"
)

// testCmd represents the test command
var testCmd = &myStruct.Command{
	Use:   "test",
	Short: "A brief description of your command",
	Long: `A longer description that spans multiple lines and likely contains examples
and usage of using your command. For example:

Cobra is a CLI library for Go that empowers applications.
This application is a tool to generate the needed files
to quickly create a Cobra application.`,
	Run: func(cmd *cobra.Command, args []string) {
		fmt.Println("test called")
	},
	CustomParam: "This is a custom parameter to extend the default cobra functionality",
}

func init() {
	rootCmd.AddCommand(testCmd)

    // All commands must indepenently define this flag by default
	testCmd.PersistentFlags().String("foo", "", "A help for foo")
}
